let x = 'a'
let x = '\'
let x = '''
let x = '
'
let x = '	'
let x = ''
let x = ''
let x = ' '
let x = ''
let x = 'Âª'
let x = 'Â³'
let heart = 'â™¥'
let smile2 = 'ðŸ˜€'
